Afghanistan
Afrique
Albania
Albanie
Alderney 
Algeria
Allemagne
America
American Samoa
Andorra
Andorre
Angleterre
Anglo-Normandes 
Angola
Anguilla
Antigua and Barbuda
Antigua et Barbuda
Antilles 
Antilles Néerlandaises
Arabie Saoudite
Argentina
Argentine
Aruba
Atoll de Johnston
Atoll de Palmyra
Australia
Australie
Austria
Autriche
Azerbadjan
Bahamas
Bahrain
Bangladesh
Barbade
Barbados
Bassas
Bassas da India
Belarus
Belau
Belgique
Belgium
Belize
Benin
Bermuda
Bermudes
Bhoutan
Bhutan
Bhutan 
Bielorussie
Birmanie
Bolivia
Bolivie
Bora 
Bosnia
Bosnie
Botswana
Brazil
Britain
British Indian Ocean Territory
Brunei
Brésil
Bulgaria
Bulgarie
Burkina
Burkina Faso
Burma
Burundi
Bélarus
Bénin
Cambodge
Cambodia
Cameroon
Cameroun
Canada
CapVert
Cape Verde
Centrafricaine
Central African Republic
Chad
Chile
Chili
China
Chine
Chypre
Colombia
Colombie
Comores
Comoros
Congo
Costa Rica
Croatia
Croatie
Cuba
Cyprus
Czechoslovakia
Danemark
Denmark
Djibouti
Dominica
Dominicaine
Dominican Republic
Dominique
East Germany
Ecuador
Egypt
El Salvador
Emirates
Equatorial Guinea
Espagne
Estonia
Estonie
Ethiopia
Federated States of Micronesia
Fidji
Fiji
Finland
Finlande
France
French Guiana
French Polynesia
French Southern and Antarctic Lands
Gabon
Gambia
Gambie
Gaza Strip
German Democratic Republic
Germany
Ghana
Gibraltar
Gibraltar 
Great Britain
Greece
Greenland
Grenada
Grenade
Groenland
Guadeloupe
Guam
Guatemala
Guernesey 
Guernsey
Guinea
Guinée
Guinée équatoriale
Guinée-Bissau
Guyana
Guyane
Guyane Française
Haiti
Herm
Holland
Honduras
Hong Kong
Hongkong
Hongrie
Hungary
Iceland
Inde
India
Indonesia
Indonésie
Irak
Iran
Iraq
Ireland
Irlande
Islande
Isle of Man
Israel
Italie
Italy
Ivory Coast
Jamaica
Jan Mayen
Japan
Japon
Jersey
Johnston Atoll
Jordan
Jordanie
Katar
Kazakhie
Kazakhstan
Kenya
Kingman Reef
Kingman Reef 
Kirghizie
Kirghizistan
Kiribati
Korea
Kuwait
Laos
Latin America
Latvia
Lebanon
Lesotho
Lettonie
Liban
Liberia
Libya
Libye
Liechtenstein
Lithuania
Lithuanie
Lituanie
Luxembourg
Macao (PO)
Macau
Madagascar
Malaisie
Malawi
Malaysia
Maldives
Mali
Malta
Malte
Maroc
Martinique
Maurice
Mauritania
Mauritanie
Mauritius
Maurétanie
Mayotte
Mexico
Mexique
Miquelon (FR)
Moldavie
Monaco
Mongolia
Mongolie
Montenegro
Montserrat
Morocco
Mozambique
Myanmar
NZ
Namibia
Namibie
Nauru
Nepal
Netherlands
Netherlands Antilles
Nevis
New Caledonia
New Zealand
Nicaragua
Niger
Nigeria
Niue
Normandes
North Korea
Norway
Oman
Ouganda
Pakistan
Palau
Palestine
Palmyra Atoll
Panama
Papoua
Papouasie
Papua New Guinea
Paraguay
Peru
Philippines
Poland
Pologne
Porto Rico
Portugal
Puerto Rico
Qatar
Reunion
Romania
Rouanda
Roumanie
Royaume
Royaume-Uni
Ruanda 
Russia
Russie
Rwanda
Sahara Occidental
Saint Kittset
Saint Vincent
Saint-Pierreet
Sainte-Lucie
Samoa
Samoa occidentales
San Marino
Sao Tome and Principe
Saudi Arabia
Senegal
Seychelles
Sierra Leone
Singapore
Singapour
Slovaquie
Somalia
Somalie
Souaziland
Soudan
South Africa
South Korea
Soviet Union
Spain
Sri Lanka
SriLanka
Sudan
Suisse
Suriname
Svalbard
Swaziland
Sweden
Switzerland
Syria
Syrie
Tadjikistan
Taiwan
Tanzania
Tanzanie
Tchad
Thailand
The Netherlands
Tibet
Togo
Tokelau
Tonga
Trinidad and Tobago
Trust Territory of the Pacific
Tunisia
Tunisie
Turkey
Turquie
Tuvalu
U K
U . K .
U S
U . S .
U S A
U . S . A .
U S S R
U . S . S . R .
UAE
UK
US
USA
USSR
Uganda
Ukraine
United Arab Emirates
United Kingdom
United States
United States of America
Uruguay
Vanuatu
Vatican
Vatican City
Venezuela
Vietnam
Wallis & Futuna 
Wallis and Futuna
West Bank
West Germany
Western Sahara
Western Samoa
Yougoslavie
Yugoslavia
Zaire
Zambia
Zambie
Zimbabwe
