fawn
trenton
augustina
evalyn
augustine
kymberly
linsey
phung
karolyn
nelson
monte
sonja
addie
andre
fredric
andra
francesco
elva
francesca
gabriella
gabrielle
cherrie
darron
sanford
pedro
hedy
buddy
marcos
paris
marylou
ocie
chieko
shaunda
loura
krysten
charles
edward
lori
latoya
zofia
lore
pamela
regan
lionel
lora
billy
tomoko
cary
jenniffer
avril
stanton
wendolyn
lura
callie
aurora
kiana
penny
dell
aurore
risa
dorine
carletta
rosalba
wilfred
jack
minerva
manie
jacob
willa
deeanna
patricia
raymon
mozell
waldo
leonor
zonia
herbert
vincenza
altagracia
deloris
errol
elissa
harriet
caryl
vincenzo
suzann
lavern
ellan
chet
bill
cher
maurita
earlean
charissa
roslyn
sammie
eleanore
armandina
rusty
eldon
woody
enoch
tameka
jacinda
melvin
mabelle
clorinda
paulette
faye
pauletta
jordon
ruben
ned
fidelia
minta
rosaura
naida
kum
arlean
selena
adena
lizzie
julieann
emily
petra
jayson
luanna
mee
meg
harriett
zack
felicia
avery
herb
eunice
jasmine
winfred
drew
arnetta
ching
jarrod
hiram
lera
giuseppina
mitzie
lory
kirk
dori
danuta
geraldo
gerry
golda
jennefer
audra
idell
cindi
stevie
leland
verdie
juana
luanne
gerri
tobie
omar
karin
alexa
latosha
audry
jami
julio
golden
marianna
marquita
marianne
julie
lynna
reagan
koji
julia
mitchel
pia
brooke
dortha
mirtha
felton
melani
lynsey
janine
santina
janina
ebony
sarah
sarai
doretta
saran
marine
lorri
vanesa
marketta
charlyn
collene
harland
delisa
jaquelyn
wilber
delmer
elias
giovanna
joycelyn
taneka
marva
leesa
oscar
odell
brittny
mathew
yuonne
jeffry
jadwiga
jerri
ward
teofila
taisha
rema
onie
flora
ma
magen
serita
racheal
mi
janene
boyce
grover
era
henry
olen
ernest
jamal
matilde
carmen
carmel
matilda
laree
hallie
sona
melony
bennett
india
latisha
julissa
honey
lakisha
chanda
horace
karole
dennise
micki
frieda
kraig
willodean
joann
elvie
mauricio
hoa
elbert
dimple
joana
ayanna
wes
yvone
oretha
ben
granville
harlan
chase
marcela
ronnie
raleigh
lenora
barbra
becky
candyce
elizabeth
flossie
ignacio
slyvia
stefani
francis
telma
lashandra
talisha
olimpia
judie
alline
deeann
brenna
jesusita
billie
royce
carolynn
glenna
vance
danny
tegan
janis
merlene
amie
austin
carolyne
cheri
frederic
harley
janie
allison
rolande
angelique
albertina
rivka
danna
chery
reginia
rolando
lindsay
coleen
chandra
shawanna
akilah
leeanna
lindy
murray
bella
debrah
helena
georgianna
modesto
helene
mabel
georgianne
lorine
vita
leatha
zachariah
shavon
tisha
rosita
shawnee
charise
christin
leontine
wilton
penni
makeda
denver
tawanda
orval
sonya
noemi
elyse
violette
pennie
menachem
vern
fil
eugene
arnulfo
ona
dorethea
araceli
dirk
fabiola
thea
karlyn
pura
heike
arianna
ernesto
aracely
sarita
echo
millie
hiedi
alma
gregorio
yon
yasmine
alex
loraine
sharice
abigail
lillian
lorena
lilliam
barton
chuck
sherlyn
marjory
mariana
anastasia
pansy
evelia
ingrid
shanae
evelin
briana
bong
pearlie
carlos
alec
syble
luann
roxy
neoma
domenic
edgardo
diana
adella
aida
diane
allan
thelma
yahaira
elwood
hanh
yvette
doug
dawn
hyo
kathlene
julianna
delorse
vada
arielle
julianne
zita
mirian
dewitt
mandy
mason
reuven
nita
daniel
manda
creola
aja
judith
ella
ladonna
quentin
jama
clarence
veta
ruthann
pamelia
theodora
elda
harry
caryn
ramon
shamika
kayla
jennie
sandra
marquitta
jonie
stacy
venus
claudine
natosha
renee
maribel
magdalene
dorinda
birdie
berneice
garrett
lucina
merna
caprice
jenee
leila
hobert
arline
cheryle
damaris
isa
louie
cheryll
stewart
eileen
joslyn
clarita
nigel
talia
angelia
elmo
elma
dione
marisol
deonna
grady
herta
kayleen
thomasena
kia
enid
brock
timothy
roni
delma
jefferey
bonita
isaac
rona
rossie
cristine
reuben
mercedes
peggie
inger
eartha
garry
magda
tom
stephan
latrisha
john
genesis
tod
caitlyn
lakendra
agustina
kenton
geneva
grayce
alonso
lucienne
albert
gayla
tabitha
dorathy
doreen
leota
philomena
ophelia
helen
gretchen
kelle
babette
samara
enola
dawne
bebe
nakia
ahmed
pamula
timika
bethann
daina
daine
laquita
cristobal
melvina
solomon
vannessa
andreas
williams
takeshi
kyla
ingeborg
franchesca
rosalva
stefanie
stacey
minh
rae
jacklyn
shonna
cayla
ilene
cornelia
caleb
ginger
ming
shyla
melaine
sharyl
sharyn
lula
darius
bonny
ray
ilana
cesar
terrie
gabriele
kaye
rudolph
chrystal
brandon
maryrose
greta
derek
jannet
mariann
theron
corinna
shaniqua
princess
susie
pandora
apryl
bruce
waylon
lawanda
maris
michale
victoria
marin
mario
shela
cherise
marie
jean
maria
bradford
margery
floy
nedra
don
richard
stephnie
hanna
tashia
flor
jolynn
lyle
sheryl
cami
yang
lyla
pearline
dagny
arla
mildred
constance
dot
marvel
gladis
maranda
franklyn
toccara
terese
lewis
tequila
queen
sage
bonnie
donella
rowena
terina
liza
asia
keesha
king
maribeth
nevada
deedee
ivette
soledad
mavis
louisa
gita
carie
louise
claude
rosena
yen
skye
hyon
hannelore
aldo
rico
stephane
rick
rich
stephani
maryann
florene
elisabeth
alda
monica
roseanne
idalia
cecilia
roseanna
nelida
roberta
iluminada
terry
ciera
christopher
dorris
priscila
stasia
johanna
sabrina
johanne
valorie
randal
sudie
ema
melynda
roderick
samella
arlie
maragaret
ramonita
kandra
adelia
jospeh
reatha
hilma
pilar
bao
cleta
saul
agripina
robbi
roberto
tasia
tommie
claretta
lanette
keenan
romaine
carolyn
cleo
margaretta
robby
kayce
bess
oma
sherita
debbra
madaline
juliet
pete
delpha
tinisha
mitch
quyen
christi
sherrie
collette
keisha
melissa
ed
taryn
elise
ira
ehtel
jamaal
huong
josefina
lamar
josefine
debi
yolonda
lupe
mei
wm
tynisha
buford
louanne
alecia
vernon
felisha
rima
gwyn
lakiesha
jonah
eloise
julee
ila
coy
phylis
marylynn
edgar
shawnda
kanesha
juanita
argelia
brad
ernst
peggy
donnell
tona
delia
usha
ethel
angelita
karey
toni
josh
bettina
jaye
loree
karen
felicidad
taren
quinn
apolonia
tiana
nichole
genevieve
priscilla
aubrey
chloe
tatum
lucrecia
myrtis
tiny
cyrus
tamar
gidget
tressa
kelsi
noel
basil
elmer
elza
michele
riley
sacha
sydney
chun
anh
gemma
sunshine
mozelle
luther
ariana
trinh
dave
starla
emmie
carlota
iesha
eveline
mohammad
winifred
sheridan
huey
miquel
charisse
fallon
johnsie
neal
tana
joeann
lyndsey
concetta
vikki
micheal
lashaun
jacque
ilona
keeley
jerald
della
jolyn
veronica
tennille
tashina
elicia
audrea
cordelia
gianna
jess
antonina
marco
lance
cinda
griselda
celesta
madonna
lottie
chi
tresa
myrta
hong
alisia
danyelle
jame
belle
niki
camellia
jerry
ayesha
jolene
eldridge
roland
harmony
kenda
lynelle
agatha
elliott
susann
bunny
yung
hank
lizbeth
elli
evia
mozella
domitila
issac
evie
theodore
everett
kip
josef
lyndon
kit
hirofumi
elly
dorene
kim
hans
lila
tyson
lesa
darla
larissa
farrah
dylan
lucas
faustino
janelle
charlie
thu
dallas
kyle
chantelle
maximo
charity
agustin
thi
roma
taina
karine
spencer
karina
maxima
gilda
kala
marya
andera
charlott
kali
newton
yee
hortense
shirely
kathi
britteny
tilda
sheena
ciara
arpad
yer
mohamed
toya
nicolas
jose
veola
eli
hal
melany
han
cornell
cherry
ela
royal
keli
janeth
wanetta
jules
trina
janett
elanor
richie
manfred
cherri
suzan
gennie
maryln
anya
maye
genaro
remona
althea
maya
carisa
gregg
vanessa
luise
dreama
jenelle
reyna
deena
zandra
glinda
rozella
maisie
antionette
linda
margherita
lynne
serina
chadwick
desire
kesha
jannie
bobby
alica
birgit
orlando
elwanda
macie
adria
gwendolyn
shirlene
bobbi
hung
clementina
sebastian
annice
frida
ardith
mathilde
marianela
lemuel
meghann
dean
maxie
sook
theola
manual
katharine
alice
rodrick
donald
dorian
neva
rheba
edmond
marlin
petrina
eugenia
setsuko
florence
myung
sharlene
theresia
malika
renea
cira
veda
natisha
nelda
clifford
columbus
hassie
cora
sadie
lucille
stefan
cori
junita
winona
amos
francene
jayme
kimberlie
kori
thersa
cory
yoko
shanice
rodrigo
oren
kathern
coral
kaitlyn
latrina
henrion
jenifer
clementine
tyree
emilio
shantel
emilia
vilma
corrine
emilie
jacques
cathrine
kaila
tyrell
ola
maxwell
marshall
sergio
lien
sol
soo
lois
jeni
emiko
joey
xavier
lauran
jena
abel
jene
quiana
trudie
jeramy
wan
tami
wai
malcom
steffanie
annabell
jarod
nova
jinny
orville
jann
jani
wilfredo
aurelia
miyoko
jane
kennith
gil
jana
tennie
marge
shyam
bert
bettie
weldon
barrett
elenor
penney
lauretta
shaquita
otilia
etha
leilani
robert
melanie
johana
dorthea
verda
laurent
charlene
jennifer
felicitas
bernice
viva
beckie
kaitlin
isis
harriette
demetria
jerrell
devorah
hulda
crystal
lucila
dani
lucile
merilyn
nichelle
michiko
linwood
senaida
geralyn
mellissa
classie
demetrice
mariela
verdell
trey
zena
nola
jaimie
ezekiel
eloy
marylyn
maile
esteban
cassie
adelaide
tamela
renay
margareta
sanjuana
ramona
helga
margarete
zane
jeffery
zana
brianna
tim
jona
tamiko
brianne
margarett
giovanni
holly
joni
gracie
tia
tess
humberto
tamala
garland
anamaria
meghan
nieves
alfonzo
cortez
elke
mervin
agnus
aleshia
walton
devon
palma
yulanda
maureen
miranda
adrianne
marceline
omega
adrianna
loren
melba
dulce
bret
domingo
megan
leah
ethelyn
madge
dominga
nancee
cathleen
bambi
ericka
damion
margurite
rogelio
jesusa
janetta
paige
rossana
janette
hope
evelyn
shaunte
sandie
majorie
ron
danita
mandie
rob
rod
madison
laura
roy
gabriel
catalina
marion
delbert
mila
dalton
colleen
nada
delmar
edelmira
zona
myrna
tosha
marissa
deedra
necole
april
kathaleen
lucretia
brandie
debora
octavia
gigi
latoria
melonie
alana
daryl
hellen
wenona
rosemarie
myles
jeri
irvin
hannah
yasmin
margarito
farro
eleanora
elinore
federico
lilliana
margarite
deirdre
fredricka
margarita
henrietta
brinda
isiah
cathie
salvador
micah
valentin
christoper
ollie
troy
minnie
gus
porsha
merlyn
guy
jonell
ashely
lloyd
olympia
lou
ezra
shanda
ilda
jackqueline
shandi
cheree
trena
colin
shemika
trisha
sherryl
trent
joie
jamison
magaly
roselia
lorrine
elton
kandace
corazon
elroy
norris
eliza
tessie
keitha
hazel
celestina
ardis
sharen
lakenya
rochel
burl
sharee
cassi
eliseo
alina
angelina
aline
angeline
dedra
kami
annalee
blondell
edmund
jerica
lucilla
gladys
cathryn
maryetta
darcie
kenyatta
larraine
alona
darleen
yajaira
arminda
terrence
buck
neville
hildegarde
china
burt
dorie
jay
doria
yetta
dee
trinidad
pasquale
nereida
lizette
vergie
dusti
phyliss
janice
margot
rafael
doris
pearle
shari
robt
love
kym
renato
elidia
nicolette
rhona
holley
santo
kimiko
kyong
candice
shelley
carol
lovella
zella
angelo
darnell
layne
russell
bernard
ariel
retha
mittie
lasandra
florencio
france
arlinda
alba
roxanna
andy
roxanne
kristian
onita
krystal
dalia
athena
rasheeda
milford
kerry
arvind
claudette
ivonne
chante
takisha
luvenia
twanda
casey
kerri
carissa
albina
len
olive
amelia
renata
oliva
mendy
ranae
micaela
judi
malinda
marilynn
roscoe
florentino
tomiko
genoveva
jude
trang
judy
katlyn
phoebe
cam
kendrick
terrell
anders
ula
rufus
natasha
corene
enriqueta
christinia
lessie
gaston
kenneth
edna
didier
chip
winston
carroll
amalia
arleen
lakeesha
cherie
evita
earleen
galen
toshiko
ngan
bessie
tiesha
dennis
manuela
clair
ramesh
winter
milda
jamika
kenia
domenica
ping
antoine
anneliese
oswaldo
rubin
raye
shasta
beau
rubie
coleman
quintin
lorinda
josue
bethel
samuel
lanora
ena
max
cherish
lida
alyse
analisa
mac
santana
mae
jean-claude
mai
valery
vinita
rickey
loriann
man
olinda
tamica
johnson
coretta
irwin
benny
su
joane
viki
glynis
gerard
hassan
omer
kurt
corrina
neida
michel
shiela
marguerita
elvina
marguerite
tanja
josephine
hugh
trula
josephina
shanna
brain
irena
cole
irene
tula
rosetta
jenette
tora
rosette
wallace
tenisha
willow
izola
josphine
jim
tori
zoraida
nathanael
karlene
tiffiny
allena
gwenda
avis
doretha
mckinley
daphne
tory
perla
nettie
tonia
imogene
shayla
evon
lenna
jakob
noe
allene
thalia
elna
arletha
reyes
alisa
fern
nicolasa
alise
ileana
jamey
dorthey
elizbeth
teri
joelle
january
maud
carlton
tera
shakia
leda
magan
fabian
olin
jamel
keri
deandre
tonja
deandra
broderick
luba
kera
cornelius
sandy
arlette
dalila
arletta
benita
benito
steven
irina
lan
cecille
shoshana
bradley
lizabeth
felicita
margeret
kristofer
fredrick
myrtle
ruth
suzanna
isidra
kena
jackson
celsa
hosea
isidro
hester
kati
evangelina
bruno
brigida
evangeline
alison
kent
sadye
casimira
darin
nikki
romana
leanora
freida
wendie
brooks
tatyana
cari
yuri
carl
marina
cara
keith
maximina
ora
marla
yuriko
ardath
genevive
estella
loreta
wanita
estelle
marlo
lyndsay
rayford
yuk
lindsey
essie
gordon
yun
filomena
loretta
owen
lorette
rosanna
tama
merrill
carlyn
ezequiel
carri
velda
rachel
shondra
benedict
katina
edyth
carry
tamara
rina
george
raguel
cris
gertrude
ian
shandra
gertrud
twanna
anderson
roseline
carson
guadalupe
seymour
bettye
chastity
alfred
jeannette
desmond
nelia
londa
roseann
rosario
hue
lizzette
shirlee
linnie
shawn
season
demetrius
todd
earnestine
alan
aurelio
hillary
angelena
pamila
shirley
noriko
raeann
thao
virgie
jeannine
milton
hoyt
alethia
vernell
nathan
rosalinda
travis
olevia
lissa
sherley
warner
lenita
velva
terrance
sophie
jeanene
sophia
rena
madelene
michell
rene
ana
angel
sal
craig
preston
bennie
chasidy
ladawn
nidia
danial
adela
jewell
ginette
adele
nickole
hershel
vonda
cathern
adell
kevin
cassandra
neomi
rolanda
gustavo
zoe
nikole
annelle
leatrice
laureen
tanesha
mazie
criselda
lael
bailey
berna
genevie
natividad
rosina
malissa
santiago
armando
arvilla
norman
verona
loyd
kyung
traci
sherman
armanda
woodrow
anissa
roxie
marcelene
zoila
nolan
laurette
nadine
tracy
beth
elmira
kathyrn
clarine
michelle
rosalia
adrien
sigrid
rosalie
lenny
bobette
aisha
phil
renae
sherron
kallie
zola
nadene
corrin
ismael
lydia
abraham
luz
corrie
julieta
samatha
maxine
melania
german
adolfo
nancie
amberly
akiko
robyn
daniela
audrey
glynda
fletcher
yanira
jaqueline
julene
shon
rosalee
fanny
sanjuanita
merlin
renaldo
leigh
stormy
laquanda
cammy
dick
mitzi
shavonda
silvia
otis
lorenzo
madeline
nadia
sierra
marsha
lorenza
caroline
carolina
loyce
oleta
chantal
yelena
nell
duane
arnita
hailey
chantay
talitha
ramana
neta
yvonne
ali
kellie
annamae
karleen
malvina
emil
dianna
joya
dianne
carolann
stacia
vannesa
stacie
ahmad
mattie
miles
roger
aron
vito
madelyn
amanda
virgen
shalonda
marlena
shaneka
marlene
kishan
ken
gwen
paola
marnie
coletta
teisha
danae
colette
isabel
ceola
sean
kermit
jone
simona
stanley
erica
lilia
modesta
shaun
august
felecia
dexter
lonnie
danille
marlana
cassey
noreen
teena
harvey
sanjoy
willard
jesenia
lorina
wilda
rochell
deangelo
karmen
vanna
elease
babara
gaylene
nathaniel
ima
tania
dottie
laurinda
keshia
odelia
leanne
kristal
carolee
kristan
timmy
kathey
lettie
wilhelmina
sirena
marietta
marvis
ji
rhiannon
mariette
cedric
evelina
meggan
kirsten
cristopher
tamra
randolph
javier
dora
daria
ouida
dario
nila
shakita
tamatha
malia
lorie
mana
elijah
loria
berry
migdalia
edith
kerrie
chaya
joe
florrie
earline
britni
belinda
cyndy
lacie
curt
christie
ermelinda
nicolle
nanette
werner
teressa
cyndi
renita
shin
jeane
ghislaine
marquetta
jeana
zetta
tonisha
oliver
lidia
mara
lyman
teddy
barry
millard
porsche
mari
mark
victorina
cecelia
jessenia
brittney
claris
marinda
keneth
soraya
caren
jc
basilia
mary
tawnya
marisa
roselyn
lakeshia
shannan
bernardina
aviad
maire
elvis
tangela
rubi
andrew
corliss
katelynn
jessika
andrei
gillian
tamie
elvin
elvia
dominque
andrea
kandice
jeneva
ivelisse
andree
polly
klaus
taunya
loris
margit
antone
ina
merrie
mona
arnold
merle
shanta
alva
hattie
elouise
gilberto
antony
novella
rajiv
theo
ulysses
annabelle
lowell
candace
marcel
bertram
yuette
susy
kenya
claretha
pamella
ivy
marilou
mertie
adelaida
pat
shelton
florinda
lelia
mindy
edwin
raymonde
layla
carmelina
mammie
fatima
emely
dwana
otto
dayna
lita
alyce
aura
sterling
noble
jeffrey
karoline
belia
leonie
fidela
nia
kelvin
shanelle
deidra
josette
elina
deidre
shala
marta
harris
tempie
lisette
loreen
mayra
reinaldo
marquerite
barabara
rozanne
bryce
landon
markus
alease
darcey
kattie
sherie
christene
tai
alfreda
holli
alfredo
genie
antonetta
leonila
antonette
summer
monet
frankie
noah
toby
alissa
gavin
roxane
roxana
harrison
roxann
tobi
laveta
hayley
ngoc
leta
kimberli
carylon
sheldon
nick
twyla
bridgette
jarred
spyros
rosa
lahoma
michaela
tonya
kimberly
graciela
rosy
jong
darcel
kareen
regena
kareem
ami
jake
bernardo
cortney
kirby
selma
earle
virginia
amy
earnest
zula
tillie
joshua
jerold
moises
kiara
lady
yasuko
rocky
katherin
christina
saundra
monique
christine
amina
rubye
patrick
lavonia
odilia
nu
leeanne
rachael
jacquiline
clay
beverly
denis
giuseppe
aurea
ardella
iola
zackary
kyra
seiichi
trudy
delfina
karissa
marcellus
lorene
britt
myong
eddie
hans-werner
gregoria
eusebio
audrie
guillermo
arron
joan
nicola
garnett
divina
regina
dawna
ellis
exie
regine
charleen
willis
irma
scottie
dudley
alonzo
nobutoshi
ellie
nicole
florentina
silvana
willia
kacy
willie
porter
sixta
brigid
clif
lorita
kamilah
tiffany
vivian
angella
shayne
irmgard
lavera
francie
shayna
agueda
jennette
venita
artie
sheryll
raylene
raul
hiroko
frances
sherill
lucy
rodolfo
william
carina
marcelino
terica
rosemary
marc
otha
brittany
karan
luci
salley
alejandrina
luigi
marisela
mariah
gregory
charmain
mamie
brittani
tijuana
amber
howard
clarice
garnet
jerome
zulema
marivel
carey
penelope
versie
marjorie
jasper
janeen
gary
burton
wade
denae
nellie
louann
bronwyn
jillian
gussie
kindra
edythe
leisha
diann
jeanice
shelly
cordell
anisa
lisa
hee
erasmo
missy
shella
marilu
starr
racquel
valencia
marcelina
shelli
leighann
joanie
vicente
jacquelyn
delilah
vicenta
marielle
luana
lourie
jerrie
chance
lane
meagan
vickie
keira
laine
adriene
margart
aide
mica
madie
minna
dessie
june
marni
stanford
fredda
lorelei
benton
mackenzie
marna
salome
freddy
adriane
shauna
miguel
laverna
adriana
manuel
russ
odessa
toney
geraldine
irish
glenda
nery
mallory
taylor
alethea
johnny
jacqulyn
ai
jackeline
azucena
felix
al
elisha
magdalen
arcelia
peter
xochitl
belva
russel
vashti
johnna
raelene
angelica
cristie
lashonda
letha
heather
pamala
vasiliki
lannie
zelda
tifany
rolland
renetta
andres
genna
effie
willy
marita
elvera
brandi
estell
desirae
bobbye
terri
rhett
nichol
estela
terra
maybelle
brandy
perry
sharita
beulah
rafaela
chris
velvet
rosalyn
shantay
domonique
natalie
ileen
thora
natalia
tanner
christel
mireya
raphael
jeanette
derrick
booker
charmaine
adan
arianne
shizue
leana
lupita
shantae
carlie
leona
jeromy
emile
anette
larue
donita
laci
nikita
mardell
blanche
ilse
zina
mireille
cameron
lacy
sung
monty
antoinette
elfriede
jessie
elfrieda
jessia
cliff
ty
ruby
christen
tu
lesha
erminia
pattie
daniella
claire
nora
foster
danielle
daisey
alberto
alberta
angele
hortencia
emelda
ta
alfonso
eulalia
esther
candis
song
donette
lianne
donetta
sasha
vera
danica
candie
isabella
socorro
candida
elena
hilda
chasity
elene
shenita
carlena
sharolyn
hye
shanel
carlene
lillie
adina
isabelle
lillia
vonnie
voncile
sang
donovan
sana
laure
colene
parthenia
venessa
lise
latonia
magdalena
maggie
alene
valeri
palmira
nona
alena
soila
gayle
obdulia
ted
noellette
lauri
gina
staci
georgeanna
lynwood
sherice
gertha
reina
dian
sue
catrice
abe
leora
nana
sun
magnolia
lawrence
suk
jeniffer
tasha
tanya
angela
garth
leia
leif
deborah
maryam
lavonda
jacquline
christian
jutta
melissia
houston
therese
margie
nena
theresa
twana
christa
doyle
kimi
simon
jonas
mckenzie
christy
fred
teresia
loma
ivey
dewayne
cathi
reena
jackie
delores
myrl
stella
delphine
richelle
ervin
rory
cristen
cathy
rebbecca
myra
lekisha
caroyln
janna
mallie
virgina
rufina
jazmine
jaunita
jin
donnie
letitia
azzie
young
delois
gaynell
aimee
catarina
randall
mayme
raymond
lajuana
lyda
iva
silva
trish
thuy
tonda
kittie
gricelda
jan
beula
lissette
sanora
branden
crissy
milo
torri
mirna
fonda
rhea
librada
brandee
mora
beatriz
verena
yolando
israel
diamond
freda
percy
filiberto
blaine
hertha
dion
yolande
ethelene
donnetta
leonard
yolanda
juliette
lazaro
floyd
julietta
jonelle
kendra
georgeann
delana
gudrun
lavona
delphia
queenie
tuan
lavone
eden
simone
georgina
phillip
phillis
berta
georgine
roosevelt
nina
del
alane
morgan
kristopher
nakisha
adalberto
deb
leola
alyssa
abram
lavina
toshiaki
allegra
marget
nickolas
shara
renate
ann
sharan
autumn
lawana
thad
iona
celine
numbers
ione
bethanie
jeanie
jaymie
norine
deloras
khadijah
clint
sondra
kecia
willena
lachelle
hugo
latarsha
willene
alyson
treasa
jalisa
jere
gisela
gisele
dannielle
clotilde
sabine
wava
horacio
latoyia
jarrett
kitty
maira
wiley
brett
rosanne
toshinari
arica
aleen
fe
rudy
jerilyn
milan
vivienne
angila
aletha
jodie
brady
susan
leroy
marlon
whitley
celena
ozell
trevor
marica
tayna
kirstie
melodie
morten
lashawnda
juergen
alexis
carmelo
signe
clemencia
jenell
xuan
violeta
norene
emmanuel
carmela
ashanti
logan
shellie
scott
gertrudis
rana
wilmer
cammie
emerita
ricarda
nannie
monnie
melisa
alla
gerald
lai
sumit
abbey
ricardo
leticia
scot
mable
dolly
stephen
kasandra
argentina
tomika
lisabeth
retta
lacey
yi
odis
valentina
truman
elenore
tamisha
bernetta
sonia
hunter
masako
katheryn
damon
rosalind
rosaline
olivia
rosalina
casie
kaleigh
sharonda
vaughn
yu
henriette
bryan
kaci
robbie
kasey
faviola
tammy
dionna
ranee
robbin
denny
eleanor
jefferson
denna
corina
fairy
corine
shawnna
phylicia
lorriane
neil
khalilah
marybeth
pablo
rachelle
wynell
dia
eladia
willetta
flavia
ryan
willette
tonita
tiffani
edra
sherril
charlsie
charolette
lola
marcie
quincy
ernie
marcia
lizeth
edwina
suzy
glendora
kira
douglas
latanya
hayden
maple
claribel
johnie
darline
clora
haydee
sharon
laurice
benjamin
damien
latrice
jeremiah
danilo
florance
matha
dung
rickie
lyn
waltraud
asa
noma
coralie
dorsey
rikki
terisa
shantell
joannie
kamala
emilee
lashawna
cindy
gearldine
svetlana
debby
shana
barbara
sylvester
kiesha
xiomara
lesia
tova
lavinia
deja
malka
mahalia
bernie
imelda
louvenia
candance
major
dina
carline
dino
tanna
patience
elden
myrtice
valentine
dona
efren
dong
mafalda
nohemi
tonette
evonne
miss
cherlyn
donn
jeanmarie
elba
elaina
felipe
blossom
deanne
edda
micheline
deanna
michelina
eddy
jacquelin
jef
jetta
jed
evette
breanne
virgil
dorthy
jen
jarvis
leoma
elsy
elvira
hermila
candra
kristie
norma
jamie
markita
jovan
magali
mohammed
jordan
digna
ernestine
osvaldo
donte
gilbert
bernita
alesia
karon
delaine
karol
kerstin
hettie
kina
maricela
breanna
zachary
shawanda
dann
libby
greg
clarissa
nathalie
ellena
lourdes
dane
teresita
corrinne
dana
kisha
mickey
charlotte
dinah
dan
wilhemina
noella
kary
noelle
gale
garfield
gia
gala
lara
fiona
kari
melva
debera
karl
kathrin
alexia
wilson
winnifred
lia
shelby
malorie
sherri
lin
pinkie
sherwood
chantel
dorla
dierdre
isela
emmaline
veronika
jacinto
dionne
giselle
liz
shelba
mose
portia
cherelle
brendon
christena
serena
ronna
janae
amal
kai
kristine
macy
ronni
freddie
narcisa
rosann
chara
alpha
kay
anjanette
mack
laila
denita
deane
ka
clemente
deana
jayne
elois
carmon
barbie
abby
genia
denese
mayola
clarisa
marvin
larisa
shalanda
bernadine
thomas
celestine
juliann
tambra
carley
rachal
jeanett
melodi
juliana
keila
ardell
juliane
naoma
yadira
leandra
jarek
jared
leandro
cecila
candelaria
elenora
sorin
rosella
albertha
mandi
muoi
duncan
brigette
randa
chiquita
adaline
grace
leonia
jacquelyne
randy
jenae
ernestina
alton
cassy
carmine
katrina
moses
darwin
carmina
billye
douglass
nickie
tricia
tyron
stacee
luke
natacha
alicia
sunny
louella
temeka
allen
destiny
williemae
lonny
tomas
julienne
suzie
rocco
sunni
hajime
kacey
jeanne
cherly
herschel
brendan
kiyoko
dante
floretta
carlotta
brenton
maryjane
ellyn
vincent
johnnie
emelia
drucilla
mistie
charline
stefania
art
bart
almeda
maurice
rashida
jade
esmeralda
nakesha
byron
jada
kylie
dannette
ara
barb
leslie
daysi
bari
angie
karena
allie
lee
bethany
lauren
hildred
patrina
inge
davina
demarcus
deadra
madelaine
joaquina
september
ethyl
jasmin
myriam
rita
clarinda
rosie
tristan
beatris
rosia
brynn
ressie
leida
latia
erna
catharine
kimbery
nicky
kimberely
michal
kory
vickey
korey
fausto
cherilyn
annis
arlene
colton
alexandria
jocelyn
opal
trudi
ashlie
patti
risto
barbera
shizuko
annie
rose
danette
janessa
fermin
kandis
vida
patty
wilburn
rosamaria
marilee
danyell
elliot
maisha
jeff
darlena
son
loan
darlene
america
larhonda
sueann
eva
merideth
sammy
alesha
esta
devin
reta
tanisha
darrell
karla
micha
geoffrey
karly
shaunna
brice
sheron
mina
meaghan
joselyn
nicol
ruthie
tamera
joline
kathy
maynard
gay
yevette
raj
sherise
elsa
dulcie
tracie
katherina
delsie
fritz
pearly
katherine
florine
chester
aileen
rachell
savannah
rebbeca
annmarie
maricruz
conception
georgie
zenobia
keven
jeanine
sarvajit
maegan
wyatt
krissy
vernita
kara
seema
ossie
luciano
dominic
abdul
mitchell
robin
melia
lenard
oralee
esperanza
aliza
phebe
lynette
lamonica
latashia
kurtis
xiao
sharell
curtis
despina
leann
alta
tammara
teruko
fannie
tamesha
brittni
monroe
ria
eliana
nancey
elane
barney
salina
elana
grant
kassandra
latonya
ewa
shay
rosenda
margo
ignacia
shira
marcelle
karie
diego
marcella
shad
shae
ester
nakita
maida
shan
shirl
nydia
franklin
blanch
jacalyn
misty
yasuro
tyisha
merce
epifania
blair
maurine
jesica
joleen
rocio
eura
gabriela
jaleesa
janean
milissa
yuan
bob
arturo
hildegard
casandra
tamekia
mercy
daren
kelli
stephanie
zulma
reginald
antonietta
santos
somer
corinne
dotty
iraida
belen
salvatore
blanca
kelly
mikaela
eilene
gena
jeanelle
earlene
leone
rosaria
jodee
haley
alvin
euna
joesph
lester
thaddeus
drema
sam
hilaria
lynell
hilario
chanelle
forrest
dara
shaina
shirleen
alaina
crystle
myrtie
melina
adrienne
madlyn
rebecca
alysia
ellamae
doreatha
andria
patria
gema
shanell
cuc
lavonna
lakita
courtney
lisha
rebeca
hermelinda
easter
lashanda
arden
bobbie
lashunda
cheryl
armida
gaylord
lovie
marci
camelia
reita
trista
nicholle
christiana
velia
patrica
kasi
marcy
winford
sherry
monika
alida
lanie
adolph
thurman
ambrose
katharyn
mariam
marian
moira
sebrina
patrice
donny
asley
arthur
valene
donna
vesta
ivan
alexandra
margorie
kendal
concepcion
gilberte
kristina
jermaine
gertie
lucien
piedad
fredericka
mirella
lawerence
spring
erma
pierre
debbi
melita
herlinda
lilian
alphonso
rosamond
ross
gracia
alphonse
brent
etsuko
jimmie
herma
meda
vanita
johnetta
irfan
bernarda
debra
marcus
lexie
lorraine
pei
concha
anne
peg
temple
anna
earlie
shena
florencia
kieth
keiko
jerrica
adelle
nella
bo
lu
nelle
gian
dayle
annalisa
kam
santa
lorean
caron
valrie
coralee
leonel
contessa
ardelle
von
joetta
vernetta
faith
justa
tommy
amado
lavenia
gilma
alleen
cathey
page
arnette
maude
regenia
stuart
janay
winnie
dwight
ida
sherilyn
jimmy
clinton
kassie
viola
shenna
natalya
maudie
jonna
rosana
jerlene
paulina
jannette
stepanie
dustin
johna
katia
dwayne
izetta
katie
loni
sonny
leisa
latasha
jo
edmundo
lona
isabell
pauline
long
diedra
cassondra
chauncey
isobel
ronny
debbie
karlis
karri
johnathon
jennell
leopoldo
boyd
vivan
mia
karrie
vernie
jayna
vernia
lino
linn
sherell
larry
reed
cecile
linh
ling
sibyl
junior
lina
jacki
josiah
fay
chelsey
erick
erich
arjun
elida
kazuko
amparo
shawnta
liberty
margrett
velma
malik
georgetta
chelsea
ninfa
eduardo
joel
gerda
deann
elizabet
gertude
chad
chae
hedwig
lulu
chan
inocencia
inell
kathryn
chas
kristle
ammie
chau
launa
rupert
graham
wynona
karry
tari
sommer
elayne
jesus
amada
tomeka
audria
tara
nan
nam
beryl
denice
annemarie
simonne
edwardo
kaylene
sallie
raina
jestine
myrle
nguyet
laticia
takako
dale
lucio
lena
gail
marisha
wilbert
hyman
lavonne
janella
lucie
shaquana
hermina
bianca
tianna
willian
evan
ryann
francisca
yaeko
zora
lang
stephenie
elfreda
nilda
lana
elizebeth
nerissa
vanda
leanna
lani
heath
nelly
delta
merrilee
aiko
karma
walker
ashton
agnes
fransisca
shawna
katy
darrin
eda
vicky
janita
libbie
hilde
teodoro
jacqualine
codi
steve
bettyann
windy
vinnie
hai
detra
torie
cyrstal
moon
kate
cody
teodora
georgiann
rhonda
lilla
tammera
syreeta
claud
carmelia
lilli
junie
ruthanne
georgiana
arie
afton
maddie
phuong
sharri
celia
margene
natashia
maryland
lilly
lasonya
scarlett
garret
consuela
eloisa
venice
herminia
gino
sherrill
kizzy
teresa
lashawn
prudence
wanda
consuelo
carmelita
annika
alden
ja
maryanna
ellsworth
delmy
maryanne
machelle
isaiah
clement
bryant
paz
carman
jerrold
shante
lucia
petronila
deneen
lynda
marry
michael
eve
cynthia
gretta
julius
leonarda
brigitte
alia
eldora
kenisha
keena
leonardo
norberto
katerine
louis
jacinta
jeffie
claudie
carter
dagmar
letisha
marg
carly
leeann
claudio
alvaro
carla
vernice
lisandra
naomi
shenika
oda
carli
muriel
carlo
elisa
victor
maragret
edison
amiee
caridad
kris
mollie
anton
maryjo
piper
letty
laurence
freeda
subhas
clelia
nicholas
ginny
cecily
susanna
luella
lea
joella
kirstin
flo
sabina
theda
mellisa
mitsuko
helaine
jenise
laraine
desiree
zexiang
randi
aracelis
ashlyn
luis
asuncion
astrid
vertie
sina
rebecka
theressa
delora
sau
alysha
cleopatra
sherrell
calvin
katharina
dyan
stephany
lanita
olivier
stephania
verline
corie
chana
sheilah
nobuko
youlanda
sheila
ardelia
riva
clark
clare
wim
barrie
terrilyn
altha
danika
shavonne
reda
arlen
refugio
carin
monserrate
wilford
refugia
angelic
sharda
ulrike
sumiko
meryl
josie
christeen
ailene
toshia
latricia
geri
merissa
verla
inez
vella
emelina
wayne
chu
emeline
lesli
colby
jonathan
lennie
krysta
niesha
catrina
allyn
charita
tiera
collen
katelyn
georgene
wonda
chassidy
vanetta
connie
kasha
kasie
jacquelynn
justin
reynalda
tad
devona
britney
anika
christal
tarah
chang
reynaldo
asha
alix
sharla
emerson
margert
almeta
deshawn
catheryn
chin
tiffanie
kaley
hae
georgann
donya
sherly
kenny
luciana
lavon
cierra
etta
carrol
alayna
marchelle
bernardine
loise
beverley
vallie
hilton
kemberly
odette
tam
mel
kourtney
kenna
enrique
shantelle
tammi
angeles
gene
chia
kayleigh
siu
felisa
kenyetta
alaine
milagros
lesley
marylee
lenore
camille
brian
josefa
camilla
jovita
sid
chanell
antione
marylouise
jenni
cristal
buster
tien
fran
kristel
lonna
ronald
sena
derick
yoshiko
dominick
jonathon
kiersten
jolanda
reggie
lisbeth
carolin
lakeisha
marylin
dominica
estrella
dorcas
shanika
sidney
nanci
lucinda
vania
eusebia
delena
ludivina
martine
jamila
cassaundra
lashaunda
martina
nancy
ellen
cinthia
octavio
tony
yessenia
dinesh
anibal
christia
jeraldine
evelynn
elia
kristen
doloris
ramiro
rolf
alita
valeria
evelyne
ivana
twila
jacqui
joanna
nicki
shonda
charlena
dalene
efrain
eliz
warren
aleta
leslee
blake
le
anastacia
bridget
jodi
catina
lauralee
glenn
brook
karisa
madalene
romelia
tyrone
tyler
kizzie
elodia
caroll
jody
mikki
carola
alexander
carole
forest
earl
marlys
lolita
pearl
clifton
siobhan
rosendo
anitra
gwyneth
enedina
emerald
jeannetta
suellen
ferdinand
marlyn
billi
damian
krystina
hui
hollie
tish
bette
tracee
tran
michaele
luna
hollis
morris
tarsha
renna
betty
tracey
scarlet
darci
edie
lecia
emogene
robena
adeline
eula
dixie
hubert
sanda
hyun
ruzena
buena
charla
uwe
rajive
sandi
terresa
alejandro
meta
mira
marline
breann
pam
morton
randee
illa
alejandra
dorothea
nannette
rex
rey
oralia
arlyne
magaret
cleotilde
nikia
fae
awilda
ricky
lavette
dania
brittanie
carita
betsey
sarina
alysa
haywood
maryellen
rea
wally
hortensia
ricki
mellie
harold
gonzalo
maren
jessica
idella
cordia
frank
charis
denisha
cordie
beata
johnathan
nathanial
sima
jill
amira
nisha
franz
van
philip
isreal
sachiko
cristina
erinn
kristyn
bertie
kathryne
linnea
florida
levi
guillermina
david
marcelo
shree
marcell
lindsy
adrian
davis
donnette
rudolf
anita
kendall
leonore
krystin
yong
dinorah
martin
lon
alvina
justine
bridgett
justina
milagro
olene
toi
ying
shelia
clara
liana
porfirio
randell
sharmaine
sha
katrice
thomasina
janise
hilary
thomasine
vina
becki
lynnette
britany
mao
liane
isaura
carleen
abbie
berniece
annita
brunilda
joellen
valda
jule
cristin
mariano
orpha
juli
kiera
lamont
verlene
annette
kellye
tajuana
linette
chong
thresa
eugena
jonnie
shila
danyel
iliana
jackelyn
bea
aaron
margarette
gaye
lucius
claudia
xenia
elnora
madeleine
aleisha
kalyn
marx
sharleen
eleni
emmett
bev
dusty
kellee
kacie
ebonie
melinda
palmer
julian
jacelyn
jettie
ferne
ayako
bertha
chelsie
tessa
shani
alverta
keva
kelley
carlita
rodger
angla
emanuel
maritza
angle
kandi
milly
min
kristy
dodie
tomasa
lili
floria
maybell
krista
carlee
luisa
latina
ursula
kristi
laurie
estefana
martha
lily
grazyna
ligia
tabatha
deloise
molly
lashell
edris
tatiana
chantell
beverlee
madalyn
jorge
veronique
selina
eneida
celina
ute
crysta
loralee
sherlene
suzette
sally
herman
pok
kimber
joseph
sheba
leonida
frederica
kyoko
jolie
bree
renda
frederick
larae
lanell
laurena
kelsie
laurene
bok
lieselotte
mick
dena
nenita
karren
tamika
treva
dorotha
lorna
parker
karyl
brenda
hirokazu
jazmin
scotty
kimberlee
inga
drusilla
kaylee
fredia
dorothy
yael
belkis
gaynelle
nyla
brant
shawana
lakia
synthia
cyril
nga
cherryl
cicely
darby
stephine
clemmie
betsy
hector
tabetha
ethan
darrick
aretha
sylvia
jae
elin
sylvie
krystyna
boris
jacqueline
subhasis
susannah
tyesha
lynn
lela
silas
miguelina
venetta
anisha
tierra
verlie
urmila
jeannie
rigoberto
carmella
marybelle
melodee
nestor
shu
joanne
mui
titus
lala
tommye
particia
reid
mercedez
jaime
leonora
felipa
jennine
gerardo
ines
bibi
stefany
reva
hsiu
dillon
latesha
mechelle
albertine
alvera
eleonore
alessandro
krystle
eleonora
violet
katheleen
zenaida
alessandra
mirta
pricilla
laverne
tammie
cleora
keturah
yukiko
cythia
dovie
tena
antonio
ralph
leigha
avelina
tyra
ashleigh
tenesha
lue
mignon
rosio
junko
kaycee
grisel
bruna
jenice
joye
dwain
glen
felica
janet
merri
janey
joy
melda
amee
margret
tobias
enda
erline
eun
janee
fidel
merry
selene
joi
precious
ofelia
janel
jon
ronda
marty
janell
bee
alishia
wilbur
norbert
nobuhisa
olga
clayton
kathrine
goldie
marti
marth
jacquetta
mindi
yuki
louetta
mitsue
lavelle
hipolito
rodney
minda
graig
lanelle
lashay
kathline
rebekah
dominique
ike
galina
annamarie
malcolm
annamaria
leo
johnette
denise
na
vena
laronda
sharilyn
malisa
lorrie
li
jacquie
sunday
jenny
bryanna
antal
erika
sari
klara
calista
catherin
prince
sara
darrel
farah
darren
marilyn
rochelle
yan
kanisha
rhoda
romona
sulema
daisy
maia
katelin
trinity
cheyenne
hyacinth
suanne
mike
shanita
anglea
maryalice
mika
loida
antwan
vince
miki
lavada
angelika
deandrea
lynetta
keren
kathlyn
tandra
brittaney
napoleon
kristeen
homer
erin
pearlene
conrad
maura
mickie
tiara
vicki
augusta
meredith
paul
halley
eryn
temika
joette
saturnina
leena
marleen
jerrod
heriberto
archie
tiffaney
jeanetta
luetta
les
valarie
allyson
halina
paolo
erwin
alfredia
nilsa
miesha
avi
salena
tonie
kylee
felice
ava
kortney
nubia
carma
una
faustina
eliot
janyce
mimi
roman
jenna
matthew
verna
chrissy
eugenio
devora
jesse
solange
eugenie
paula
ashli
genny
aleida
dacia
sade
lacresha
samantha
susanne
alanna
adelina
romeo
ashly
delicia
gloria
otelia
suzi
ettie
jaclyn
norah
shaunta
lorretta
kimberley
lev
antonia
elinor
ashley
valerie
marvella
shalon
seth
oneida
yesenia
audie
christos
ashlee
lashon
delila
ashlea
shanon
vivien
rashad
cristi
dollie
carrie
rachele
crista
liliana
kiley
sofia
barbar
camie
erlene
raymundo
cristy
fumiko
savanna
shiloh
diedre
dakota
laurel
azalee
paulene
ozie
lyndia
reiko
paulita
krishna
wei
bell
wen
tawna
eustolia
bradly
clyde
eufemia
moriah
tawny
ada
celeste
raven
marhta
tisa
kimbra
laurine
livia
darell
ayana
wendell
cruz
calandra
leon
coreen
alisha
charlesetta
keely
lauryn
conchita
neda
milind
denyse
lincoln
fernanda
emma
glayds
sindy
fernande
danelle
karsten
samira
fernando
candy
tawanna
phyllis
darcy
fatimah
cletus
judson
juan
james
isadora
alycia
emmy
normand
candi
armand
tawana
myesha
bryon
tesha
sherika
shea
delinda
georgia
larita
kathe
lorilee
mariella
lawanna
cleveland
annett
ludie
daron
dannie
shakira
tameika
jeremy
wendi
tandy
reba
katarzyna
shona
lean
malena
sharika
viviana
eboni
francoise
wendy
karima
melody
aundrea
robbyn
branda
gwenn
arlena
pasty
qiana
nida
towanda
cedrick
raisa
lurlene
jamar
everette
thanh
camila
myron
miriam
millicent
wesley
kristin
brande
tuyet
sparkle
hwa
sheree
tarra
deon
hana
iris
blythe
treena
hien
anabel
francina
remedios
francine
cecil
tereasa
tomi
glady
tressie
quinton
lakesha
lezlie
shanti
jamee
denisse
deetta
kai-fu
burma
chanel
charley
dede
navin
catherina
jammie
berenice
catherine
shameka
terence
raquel
meri
delcie
susana
jenine
janiece
joyce
jaimee
mariko
zachery
hang
lovetta
celinda
sabra
yoshie
jina
chung
val
emory
annabel
indira
cinderella
dolores
beaulah
debroah
joaquin
pa
daniell
sandee
cassidy
eulah
meridith
cindie
dewey
annetta
daniele
jason
augustus
ivory
marlen
mathilda
tina
fermina
angelyn
shane
margy
chere
darryl
collin
daphine
caitlin
melida
hermine
rajat
kandy
shirly
davida
noelia
ha
kathie
stephaine
bud
serafina
waneta
mikel
marquis
glory
georgette
rutha
eleonor
kathleen
mariel
misti
zada
freeman
yuko
walter
marcene
bernadette
shemeka
breana
vennie
anja
fleta
lurline
emmitt
kelsey
lelah
shonta
beatrice
erlinda
buffy
roselee
providencia
weston
britta
jessi
erik
karyn
anjelica
eric
bulah
mauro
adah
suzanne
bula
tanika
samual
sharie
misha
patsy
isaias
germaine
corey
shannon
sharron
caterina
ariane
adam
neely
assunta
francisco
star
virgilio
makoto
christiane
rayna
shery
matt
jung
irving
margaret
arnoldo
reanna
shera
stan
sybil
hisako
sheri
zelma
dahlia
ozella
ruthe
anthony
jeanna
wilma
charlette
lanny
heidy
rueben
zenia
zaida
jewel
emery
glennie
vi
demetra
torrie
elaine
elsie
heidi
cleve
glennis
heide
moshe
roselle
whitney
